// Jest Snapshot v1, https://goo.gl/fbAQLP

exports[`getOrganizationQuery should apply params and match snapshot 1`] = `
Object {
  "params": Object {
    "limit": 20,
    "offset": 180,
  },
  "query": Object {
    "$text": Object {
      "$search": [Function],
    },
    "is_published": true,
    "services": Object {
      "$elemMatch": Object {
        "properties.hello": "true",
        "properties.world": "true",
      },
    },
  },
}
`;
